// Jest Snapshot v1, https://goo.gl/fbAQLP

exports[`List component renders UI as expected 1`] = `
<div>
  <h1
    className="header"
  >
    <a
      href="/"
      onClick={[Function]}
    >
      Restaurant
      <span
        className="finds"
      >
         Finder
      </span>
    </a>
  </h1>
  <h3
    className="h-text"
  >
  <br />
    To post a review and browse through details of other user's reviews 
    <a
      href="/register"
    >
      register 
    </a>
     for the account or 
    <a
      href="/login"
    >
      login to demo account 
    </a>
    using 
    <span>
      username : 'demo', password: 'demo12345'.
    </span>
  </h3>
</div>
`;
