// Jest Snapshot v1, https://goo.gl/fbAQLP

exports[`List component renders UI as expected 1`] = `
<div
  className="item"
>
  <div
    className="img-container"
  >
    <img
      alt="food presentation from the place"
    />
  </div>
  <div
    className="item-text"
  >
    <div
      className="text-area"
    >
      <h2>
        name1
      </h2>
      <br />
      <p>
        street1
        , 
        city2
      </p>
      <p>
        Ma
         
        20222
      </p>
      <br />
      <p>
        (123) 345 5678
      </p>
      <p>
        Price-range: 
      </p>
      <br />
      <div
        className="rating-box"
      >
        <p>
          Yelp rating: 
        </p>
        <div
          className="starsImg"
        />
      </div>
      <br />
      <br />
      <form
        onSubmit={[Function]}
      >
        <h2>
          Mark reward worthy habits :
        </h2>
        <br />
        <input
          className="input"
          id="chx1"
          onClick={[Function]}
          type="checkbox"
          value="1"
        />
        <label
          htmlFor="chx1"
        >
          No single use plastics
        </label>
        <br />
        <input
          className="input"
          onClick={[Function]}
          type="checkbox"
          value="2"
        />
        <label>
          Compostable take-out containers and cups
        </label>
        <br />
        <input
          className="input"
          onClick={[Function]}
          type="checkbox"
          value="3"
        />
        <label>
          No plastic bottled drinks
        </label>
        <br />
        <input
          className="input"
          onClick={[Function]}
          type="checkbox"
          value="4"
        />
        <label>
          Composting food scraps
        </label>
        <br />
        <input
          className="input"
          onClick={[Function]}
          type="checkbox"
          value="5"
        />
        <label>
          Recycle and compost bins inside
        </label>
        <br />
        <input
          className="input"
          onClick={[Function]}
          type="checkbox"
          value="6"
        />
        <label>
          Hemp based or fabric napkins and paper towels
        </label>
        <br />
        <input
          className="input"
          onClick={[Function]}
          type="checkbox"
          value="7"
        />
        <label>
          Papperless, fully computer based billing and record keeping
        </label>
        <br />
        <input
          className="input"
          onClick={[Function]}
          type="checkbox"
          value="8"
        />
        <label>
          Donating food to local shelter or 'free meal night'
        </label>
        <br />
        <input
          className="input"
          onClick={[Function]}
          type="checkbox"
          value="9"
        />
        <label>
          Locally sourced produce
        </label>
        <br />
        <input
          className="input"
          onClick={[Function]}
          type="checkbox"
          value="10"
        />
        <label>
          Organic produce
        </label>
        <br />
        <input
          className="input"
          onClick={[Function]}
          type="checkbox"
          value="11"
        />
        <label>
          Resposible frying oil disposal
        </label>
        <br />
        <input
          className="input"
          onClick={[Function]}
          type="checkbox"
          value="12"
        />
        <label>
          Saves energy by installing light timers and motion sensors
        </label>
        <br />
        <input
          className="input"
          type="checkbox"
          value="13"
        />
        <label>
          Saves water by installing low flow faucets
        </label>
        <br />
        <input
          className="input"
          type="checkbox"
          value="14"
        />
        <label>
          Saves energy and water by installing energy star equipmnet
        </label>
        <br />
        <br />
        <br />
        <h3>
          Additional comments
        </h3>
        <textarea
          cols="50"
          onChange={[Function]}
          rows="10"
        />
        <br />
        <div
          className="select-box"
        >
          <h3
            id="select-header"
          >
            Save in category: 
          </h3>
          <select
            className="form__field2"
            onChange={[Function]}
            required={true}
          >
            <option
              value=" "
            >
              Select category 
            </option>
            <option
              value="Coffee-shop"
            >
              Coffee-shops
            </option>
            <option
              value="Bakery"
            >
              Bakeries
            </option>
            <option
              value="Juice-Bar"
            >
              Juice-Bars
            </option>
            <option
              value="Restaurant"
            >
              Restaurants
            </option>
            <option
              value="Breakfast"
            >
              Breakfast
            </option>
            <option
              value="Lunch"
            >
              Lunch
            </option>
            <option
              value="Dinner"
            >
              Dinner
            </option>
          </select>
        </div>
        <br />
        <br />
        <div
          className="error"
        />
        <div
          className="button-container2"
        >
          <button>
            Post Review
          </button>
          <button
            onClick={[Function]}
          >
            Back
          </button>
        </div>
      </form>
    </div>
  </div>
</div>
`;
